[29-Aug-2026 14:43:24 Europe/Moscow] PHP Notice:  session_start(): Ignoring session_start() because a session is already active (started from /home/m/m1shrecs/bank.m1shroom.ru/public_html/config.php on line 16) in /home/m/m1shrecs/bank.m1shroom.ru/public_html/admin_contracts_api.php on line 11
[29-Aug-2026 14:48:57 Europe/Moscow] PHP Notice:  session_start(): Ignoring session_start() because a session is already active (started from /home/m/m1shrecs/bank.m1shroom.ru/public_html/config.php on line 16) in /home/m/m1shrecs/bank.m1shroom.ru/public_html/admin_contracts_api.php on line 11
[29-Aug-2026 14:49:06 Europe/Moscow] PHP Notice:  session_start(): Ignoring session_start() because a session is already active (started from /home/m/m1shrecs/bank.m1shroom.ru/public_html/config.php on line 16) in /home/m/m1shrecs/bank.m1shroom.ru/public_html/admin_contracts_api.php on line 11
[29-Aug-2026 14:49:06 Europe/Moscow] PHP Notice:  session_start(): Ignoring session_start() because a session is already active (started from /home/m/m1shrecs/bank.m1shroom.ru/public_html/config.php on line 16) in /home/m/m1shrecs/bank.m1shroom.ru/public_html/admin_contracts_api.php on line 11
[29-Aug-2026 14:49:08 Europe/Moscow] PHP Notice:  session_start(): Ignoring session_start() because a session is already active (started from /home/m/m1shrecs/bank.m1shroom.ru/public_html/config.php on line 16) in /home/m/m1shrecs/bank.m1shroom.ru/public_html/admin_contracts_api.php on line 11
[29-Aug-2026 14:49:08 Europe/Moscow] PHP Notice:  session_start(): Ignoring session_start() because a session is already active (started from /home/m/m1shrecs/bank.m1shroom.ru/public_html/config.php on line 16) in /home/m/m1shrecs/bank.m1shroom.ru/public_html/admin_contracts_api.php on line 11
[29-Aug-2026 14:49:10 Europe/Moscow] PHP Notice:  session_start(): Ignoring session_start() because a session is already active (started from /home/m/m1shrecs/bank.m1shroom.ru/public_html/config.php on line 16) in /home/m/m1shrecs/bank.m1shroom.ru/public_html/admin_contracts_api.php on line 11
[29-Aug-2026 14:49:11 Europe/Moscow] PHP Notice:  session_start(): Ignoring session_start() because a session is already active (started from /home/m/m1shrecs/bank.m1shroom.ru/public_html/config.php on line 16) in /home/m/m1shrecs/bank.m1shroom.ru/public_html/admin_contracts_api.php on line 11
[29-Aug-2026 14:49:12 Europe/Moscow] PHP Notice:  session_start(): Ignoring session_start() because a session is already active (started from /home/m/m1shrecs/bank.m1shroom.ru/public_html/config.php on line 16) in /home/m/m1shrecs/bank.m1shroom.ru/public_html/admin_contracts_api.php on line 11
[29-Aug-2026 14:49:13 Europe/Moscow] PHP Notice:  session_start(): Ignoring session_start() because a session is already active (started from /home/m/m1shrecs/bank.m1shroom.ru/public_html/config.php on line 16) in /home/m/m1shrecs/bank.m1shroom.ru/public_html/admin_contracts_api.php on line 11
[29-Aug-2026 14:49:15 Europe/Moscow] PHP Notice:  session_start(): Ignoring session_start() because a session is already active (started from /home/m/m1shrecs/bank.m1shroom.ru/public_html/config.php on line 16) in /home/m/m1shrecs/bank.m1shroom.ru/public_html/admin_contracts_api.php on line 11
[29-Aug-2026 14:53:11 Europe/Moscow] PHP Notice:  session_start(): Ignoring session_start() because a session is already active (started from /home/m/m1shrecs/bank.m1shroom.ru/public_html/config.php on line 16) in /home/m/m1shrecs/bank.m1shroom.ru/public_html/admin_contracts_api.php on line 10
[29-Aug-2026 14:53:15 Europe/Moscow] PHP Notice:  session_start(): Ignoring session_start() because a session is already active (started from /home/m/m1shrecs/bank.m1shroom.ru/public_html/config.php on line 16) in /home/m/m1shrecs/bank.m1shroom.ru/public_html/admin_contracts_api.php on line 10
[29-Aug-2026 14:53:15 Europe/Moscow] PHP Notice:  session_start(): Ignoring session_start() because a session is already active (started from /home/m/m1shrecs/bank.m1shroom.ru/public_html/config.php on line 16) in /home/m/m1shrecs/bank.m1shroom.ru/public_html/admin_contracts_api.php on line 10
[29-Aug-2026 14:53:17 Europe/Moscow] PHP Notice:  session_start(): Ignoring session_start() because a session is already active (started from /home/m/m1shrecs/bank.m1shroom.ru/public_html/config.php on line 16) in /home/m/m1shrecs/bank.m1shroom.ru/public_html/admin_contracts_api.php on line 10
[29-Aug-2026 14:53:17 Europe/Moscow] PHP Notice:  session_start(): Ignoring session_start() because a session is already active (started from /home/m/m1shrecs/bank.m1shroom.ru/public_html/config.php on line 16) in /home/m/m1shrecs/bank.m1shroom.ru/public_html/admin_contracts_api.php on line 10
[29-Aug-2026 14:53:19 Europe/Moscow] PHP Notice:  session_start(): Ignoring session_start() because a session is already active (started from /home/m/m1shrecs/bank.m1shroom.ru/public_html/config.php on line 16) in /home/m/m1shrecs/bank.m1shroom.ru/public_html/admin_contracts_api.php on line 10
[29-Aug-2026 14:53:19 Europe/Moscow] PHP Notice:  session_start(): Ignoring session_start() because a session is already active (started from /home/m/m1shrecs/bank.m1shroom.ru/public_html/config.php on line 16) in /home/m/m1shrecs/bank.m1shroom.ru/public_html/admin_contracts_api.php on line 10
[29-Aug-2026 14:53:21 Europe/Moscow] PHP Notice:  session_start(): Ignoring session_start() because a session is already active (started from /home/m/m1shrecs/bank.m1shroom.ru/public_html/config.php on line 16) in /home/m/m1shrecs/bank.m1shroom.ru/public_html/admin_contracts_api.php on line 10
[29-Aug-2026 14:53:25 Europe/Moscow] PHP Notice:  session_start(): Ignoring session_start() because a session is already active (started from /home/m/m1shrecs/bank.m1shroom.ru/public_html/config.php on line 16) in /home/m/m1shrecs/bank.m1shroom.ru/public_html/admin_contracts_api.php on line 10
[29-Aug-2026 14:53:25 Europe/Moscow] PHP Notice:  session_start(): Ignoring session_start() because a session is already active (started from /home/m/m1shrecs/bank.m1shroom.ru/public_html/config.php on line 16) in /home/m/m1shrecs/bank.m1shroom.ru/public_html/admin_contracts_api.php on line 10
[29-Aug-2026 14:53:28 Europe/Moscow] PHP Notice:  session_start(): Ignoring session_start() because a session is already active (started from /home/m/m1shrecs/bank.m1shroom.ru/public_html/config.php on line 16) in /home/m/m1shrecs/bank.m1shroom.ru/public_html/admin_contracts_api.php on line 10
[29-Aug-2026 14:53:28 Europe/Moscow] PHP Notice:  session_start(): Ignoring session_start() because a session is already active (started from /home/m/m1shrecs/bank.m1shroom.ru/public_html/config.php on line 16) in /home/m/m1shrecs/bank.m1shroom.ru/public_html/admin_contracts_api.php on line 10
[29-Aug-2026 14:53:31 Europe/Moscow] PHP Notice:  session_start(): Ignoring session_start() because a session is already active (started from /home/m/m1shrecs/bank.m1shroom.ru/public_html/config.php on line 16) in /home/m/m1shrecs/bank.m1shroom.ru/public_html/admin_contracts_api.php on line 10
[29-Aug-2026 14:53:31 Europe/Moscow] PHP Notice:  session_start(): Ignoring session_start() because a session is already active (started from /home/m/m1shrecs/bank.m1shroom.ru/public_html/config.php on line 16) in /home/m/m1shrecs/bank.m1shroom.ru/public_html/admin_contracts_api.php on line 10
[29-Aug-2026 14:53:33 Europe/Moscow] PHP Notice:  session_start(): Ignoring session_start() because a session is already active (started from /home/m/m1shrecs/bank.m1shroom.ru/public_html/config.php on line 16) in /home/m/m1shrecs/bank.m1shroom.ru/public_html/admin_contracts_api.php on line 10
[29-Aug-2026 14:53:33 Europe/Moscow] PHP Notice:  session_start(): Ignoring session_start() because a session is already active (started from /home/m/m1shrecs/bank.m1shroom.ru/public_html/config.php on line 16) in /home/m/m1shrecs/bank.m1shroom.ru/public_html/admin_contracts_api.php on line 10
[29-Aug-2026 14:53:35 Europe/Moscow] PHP Notice:  session_start(): Ignoring session_start() because a session is already active (started from /home/m/m1shrecs/bank.m1shroom.ru/public_html/config.php on line 16) in /home/m/m1shrecs/bank.m1shroom.ru/public_html/admin_contracts_api.php on line 10
[29-Aug-2026 14:53:35 Europe/Moscow] PHP Notice:  session_start(): Ignoring session_start() because a session is already active (started from /home/m/m1shrecs/bank.m1shroom.ru/public_html/config.php on line 16) in /home/m/m1shrecs/bank.m1shroom.ru/public_html/admin_contracts_api.php on line 10
[29-Aug-2026 14:53:38 Europe/Moscow] PHP Notice:  session_start(): Ignoring session_start() because a session is already active (started from /home/m/m1shrecs/bank.m1shroom.ru/public_html/config.php on line 16) in /home/m/m1shrecs/bank.m1shroom.ru/public_html/admin_contracts_api.php on line 10
[29-Aug-2026 14:53:38 Europe/Moscow] PHP Notice:  session_start(): Ignoring session_start() because a session is already active (started from /home/m/m1shrecs/bank.m1shroom.ru/public_html/config.php on line 16) in /home/m/m1shrecs/bank.m1shroom.ru/public_html/admin_contracts_api.php on line 10
[29-Aug-2026 14:53:41 Europe/Moscow] PHP Notice:  session_start(): Ignoring session_start() because a session is already active (started from /home/m/m1shrecs/bank.m1shroom.ru/public_html/config.php on line 16) in /home/m/m1shrecs/bank.m1shroom.ru/public_html/admin_contracts_api.php on line 10
[29-Aug-2026 14:53:41 Europe/Moscow] PHP Notice:  session_start(): Ignoring session_start() because a session is already active (started from /home/m/m1shrecs/bank.m1shroom.ru/public_html/config.php on line 16) in /home/m/m1shrecs/bank.m1shroom.ru/public_html/admin_contracts_api.php on line 10
[29-Aug-2026 14:53:59 Europe/Moscow] PHP Notice:  session_start(): Ignoring session_start() because a session is already active (started from /home/m/m1shrecs/bank.m1shroom.ru/public_html/config.php on line 16) in /home/m/m1shrecs/bank.m1shroom.ru/public_html/admin_contracts_api.php on line 10
[29-Aug-2026 14:53:59 Europe/Moscow] Uploaded PDF: contract_id=15, file=98211a0ff27898ae.pdf, hash=cf94452998e6740ecec97633cbc5f64eb5c7a6bac980dd411db73460016186c7
[29-Aug-2026 14:54:20 Europe/Moscow] PHP Notice:  session_start(): Ignoring session_start() because a session is already active (started from /home/m/m1shrecs/bank.m1shroom.ru/public_html/config.php on line 16) in /home/m/m1shrecs/bank.m1shroom.ru/public_html/admin_contracts_api.php on line 10
[29-Aug-2026 14:54:22 Europe/Moscow] PHP Notice:  session_start(): Ignoring session_start() because a session is already active (started from /home/m/m1shrecs/bank.m1shroom.ru/public_html/config.php on line 16) in /home/m/m1shrecs/bank.m1shroom.ru/public_html/admin_contracts_api.php on line 10
[29-Aug-2026 14:54:22 Europe/Moscow] Deleted file: /home/m/m1shrecs/bank.m1shroom.ru/pdfuploads/98211a0ff27898ae.pdf
[29-Aug-2026 14:54:22 Europe/Moscow] PHP Notice:  session_start(): Ignoring session_start() because a session is already active (started from /home/m/m1shrecs/bank.m1shroom.ru/public_html/config.php on line 16) in /home/m/m1shrecs/bank.m1shroom.ru/public_html/admin_contracts_api.php on line 10
[29-Aug-2026 14:55:09 Europe/Moscow] PHP Notice:  session_start(): Ignoring session_start() because a session is already active (started from /home/m/m1shrecs/bank.m1shroom.ru/public_html/config.php on line 16) in /home/m/m1shrecs/bank.m1shroom.ru/public_html/admin_contracts_api.php on line 10
[29-Aug-2026 14:55:09 Europe/Moscow] Uploaded PDF: contract_id=16, file=1c6eb6b58bac0fa2.pdf, hash=2f9e5710561efd84a2287a280ad47e7e1429705621a5bc27d8f2b334ead6b55e
[29-Aug-2026 14:56:56 Europe/Moscow] PHP Notice:  session_start(): Ignoring session_start() because a session is already active (started from /home/m/m1shrecs/bank.m1shroom.ru/public_html/config.php on line 16) in /home/m/m1shrecs/bank.m1shroom.ru/public_html/admin_contracts_api.php on line 10
[29-Aug-2026 15:05:58 Europe/Moscow] PHP Notice:  session_start(): Ignoring session_start() because a session is already active (started from /home/m/m1shrecs/bank.m1shroom.ru/public_html/config.php on line 16) in /home/m/m1shrecs/bank.m1shroom.ru/public_html/admin_contracts_api.php on line 10
[29-Aug-2026 15:05:58 Europe/Moscow] Uploaded PDF: contract_id=17, file=2293459bf6a0926a.pdf
[29-Aug-2026 15:08:58 Europe/Moscow] PHP Notice:  session_start(): Ignoring session_start() because a session is already active (started from /home/m/m1shrecs/bank.m1shroom.ru/public_html/config.php on line 16) in /home/m/m1shrecs/bank.m1shroom.ru/public_html/admin_contracts_api.php on line 10
[29-Aug-2026 15:08:58 Europe/Moscow] PHP Notice:  session_start(): Ignoring session_start() because a session is already active (started from /home/m/m1shrecs/bank.m1shroom.ru/public_html/config.php on line 16) in /home/m/m1shrecs/bank.m1shroom.ru/public_html/admin_contracts_api.php on line 10
[29-Aug-2026 15:11:19 Europe/Moscow] PHP Notice:  session_start(): Ignoring session_start() because a session is already active (started from /home/m/m1shrecs/bank.m1shroom.ru/public_html/config.php on line 16) in /home/m/m1shrecs/bank.m1shroom.ru/public_html/admin_contracts_api.php on line 10
[29-Aug-2026 15:11:22 Europe/Moscow] PHP Notice:  session_start(): Ignoring session_start() because a session is already active (started from /home/m/m1shrecs/bank.m1shroom.ru/public_html/config.php on line 16) in /home/m/m1shrecs/bank.m1shroom.ru/public_html/admin_contracts_api.php on line 10
[29-Aug-2026 15:11:22 Europe/Moscow] PHP Notice:  session_start(): Ignoring session_start() because a session is already active (started from /home/m/m1shrecs/bank.m1shroom.ru/public_html/config.php on line 16) in /home/m/m1shrecs/bank.m1shroom.ru/public_html/admin_contracts_api.php on line 10
[29-Aug-2026 15:11:29 Europe/Moscow] PHP Notice:  session_start(): Ignoring session_start() because a session is already active (started from /home/m/m1shrecs/bank.m1shroom.ru/public_html/config.php on line 16) in /home/m/m1shrecs/bank.m1shroom.ru/public_html/admin_contracts_api.php on line 10
[29-Aug-2026 15:11:29 Europe/Moscow] PHP Notice:  session_start(): Ignoring session_start() because a session is already active (started from /home/m/m1shrecs/bank.m1shroom.ru/public_html/config.php on line 16) in /home/m/m1shrecs/bank.m1shroom.ru/public_html/admin_contracts_api.php on line 10
[29-Aug-2026 15:11:41 Europe/Moscow] PHP Notice:  session_start(): Ignoring session_start() because a session is already active (started from /home/m/m1shrecs/bank.m1shroom.ru/public_html/config.php on line 16) in /home/m/m1shrecs/bank.m1shroom.ru/public_html/admin_contracts_api.php on line 10
[29-Aug-2026 15:15:17 Europe/Moscow] PHP Notice:  session_start(): Ignoring session_start() because a session is already active (started from /home/m/m1shrecs/bank.m1shroom.ru/public_html/config.php on line 16) in /home/m/m1shrecs/bank.m1shroom.ru/public_html/admin_contracts_api.php on line 10
[29-Aug-2026 15:15:18 Europe/Moscow] PHP Notice:  session_start(): Ignoring session_start() because a session is already active (started from /home/m/m1shrecs/bank.m1shroom.ru/public_html/config.php on line 16) in /home/m/m1shrecs/bank.m1shroom.ru/public_html/admin_contracts_api.php on line 10
[29-Aug-2026 15:15:45 Europe/Moscow] PHP Notice:  session_start(): Ignoring session_start() because a session is already active (started from /home/m/m1shrecs/bank.m1shroom.ru/public_html/config.php on line 16) in /home/m/m1shrecs/bank.m1shroom.ru/public_html/contract_api.php on line 10
[29-Aug-2026 15:15:47 Europe/Moscow] PHP Notice:  session_start(): Ignoring session_start() because a session is already active (started from /home/m/m1shrecs/bank.m1shroom.ru/public_html/config.php on line 16) in /home/m/m1shrecs/bank.m1shroom.ru/public_html/contract_api.php on line 10
[29-Aug-2026 15:15:50 Europe/Moscow] PHP Notice:  session_start(): Ignoring session_start() because a session is already active (started from /home/m/m1shrecs/bank.m1shroom.ru/public_html/config.php on line 16) in /home/m/m1shrecs/bank.m1shroom.ru/public_html/admin_contracts_api.php on line 10
[29-Aug-2026 15:15:53 Europe/Moscow] PHP Notice:  session_start(): Ignoring session_start() because a session is already active (started from /home/m/m1shrecs/bank.m1shroom.ru/public_html/config.php on line 16) in /home/m/m1shrecs/bank.m1shroom.ru/public_html/contract_api.php on line 10
[29-Aug-2026 15:15:53 Europe/Moscow] PHP Notice:  session_start(): Ignoring session_start() because a session is already active (started from /home/m/m1shrecs/bank.m1shroom.ru/public_html/config.php on line 16) in /home/m/m1shrecs/bank.m1shroom.ru/public_html/contract_api.php on line 10
[29-Aug-2026 15:15:54 Europe/Moscow] PHP Notice:  session_start(): Ignoring session_start() because a session is already active (started from /home/m/m1shrecs/bank.m1shroom.ru/public_html/config.php on line 16) in /home/m/m1shrecs/bank.m1shroom.ru/public_html/contract_api.php on line 10
[29-Aug-2026 15:18:17 Europe/Moscow] PHP Notice:  session_start(): Ignoring session_start() because a session is already active (started from /home/m/m1shrecs/bank.m1shroom.ru/public_html/config.php on line 16) in /home/m/m1shrecs/bank.m1shroom.ru/public_html/contract_api.php on line 10
[29-Aug-2026 15:18:29 Europe/Moscow] PHP Notice:  session_start(): Ignoring session_start() because a session is already active (started from /home/m/m1shrecs/bank.m1shroom.ru/public_html/config.php on line 16) in /home/m/m1shrecs/bank.m1shroom.ru/public_html/contract_api.php on line 10
[29-Aug-2026 15:19:34 Europe/Moscow] PHP Notice:  session_start(): Ignoring session_start() because a session is already active (started from /home/m/m1shrecs/bank.m1shroom.ru/public_html/config.php on line 16) in /home/m/m1shrecs/bank.m1shroom.ru/public_html/contract_api.php on line 10
[29-Aug-2026 15:19:36 Europe/Moscow] PHP Notice:  session_start(): Ignoring session_start() because a session is already active (started from /home/m/m1shrecs/bank.m1shroom.ru/public_html/config.php on line 16) in /home/m/m1shrecs/bank.m1shroom.ru/public_html/contract_api.php on line 10
[29-Aug-2026 15:19:36 Europe/Moscow] PHP Notice:  session_start(): Ignoring session_start() because a session is already active (started from /home/m/m1shrecs/bank.m1shroom.ru/public_html/config.php on line 16) in /home/m/m1shrecs/bank.m1shroom.ru/public_html/contract_api.php on line 10
[29-Aug-2026 15:19:36 Europe/Moscow] PHP Notice:  session_start(): Ignoring session_start() because a session is already active (started from /home/m/m1shrecs/bank.m1shroom.ru/public_html/config.php on line 16) in /home/m/m1shrecs/bank.m1shroom.ru/public_html/contract_api.php on line 10
[29-Aug-2026 15:19:36 Europe/Moscow] PHP Notice:  session_start(): Ignoring session_start() because a session is already active (started from /home/m/m1shrecs/bank.m1shroom.ru/public_html/config.php on line 16) in /home/m/m1shrecs/bank.m1shroom.ru/public_html/contract_api.php on line 10
[29-Aug-2026 15:19:36 Europe/Moscow] PHP Notice:  session_start(): Ignoring session_start() because a session is already active (started from /home/m/m1shrecs/bank.m1shroom.ru/public_html/config.php on line 16) in /home/m/m1shrecs/bank.m1shroom.ru/public_html/contract_api.php on line 10
[29-Aug-2026 15:19:37 Europe/Moscow] PHP Notice:  session_start(): Ignoring session_start() because a session is already active (started from /home/m/m1shrecs/bank.m1shroom.ru/public_html/config.php on line 16) in /home/m/m1shrecs/bank.m1shroom.ru/public_html/contract_api.php on line 10
[29-Aug-2026 15:19:37 Europe/Moscow] PHP Notice:  session_start(): Ignoring session_start() because a session is already active (started from /home/m/m1shrecs/bank.m1shroom.ru/public_html/config.php on line 16) in /home/m/m1shrecs/bank.m1shroom.ru/public_html/contract_api.php on line 10
[29-Aug-2026 15:19:37 Europe/Moscow] PHP Notice:  session_start(): Ignoring session_start() because a session is already active (started from /home/m/m1shrecs/bank.m1shroom.ru/public_html/config.php on line 16) in /home/m/m1shrecs/bank.m1shroom.ru/public_html/contract_api.php on line 10
[29-Aug-2026 15:19:37 Europe/Moscow] PHP Notice:  session_start(): Ignoring session_start() because a session is already active (started from /home/m/m1shrecs/bank.m1shroom.ru/public_html/config.php on line 16) in /home/m/m1shrecs/bank.m1shroom.ru/public_html/contract_api.php on line 10
[29-Aug-2026 15:25:52 Europe/Moscow] PHP Notice:  session_start(): Ignoring session_start() because a session is already active (started from /home/m/m1shrecs/bank.m1shroom.ru/public_html/config.php on line 16) in /home/m/m1shrecs/bank.m1shroom.ru/public_html/contract_api.php on line 10
[29-Aug-2026 15:26:00 Europe/Moscow] PHP Notice:  session_start(): Ignoring session_start() because a session is already active (started from /home/m/m1shrecs/bank.m1shroom.ru/public_html/config.php on line 16) in /home/m/m1shrecs/bank.m1shroom.ru/public_html/contract_api.php on line 10
[29-Aug-2026 15:26:21 Europe/Moscow] PHP Notice:  session_start(): Ignoring session_start() because a session is already active (started from /home/m/m1shrecs/bank.m1shroom.ru/public_html/config.php on line 16) in /home/m/m1shrecs/bank.m1shroom.ru/public_html/contract_api.php on line 10
[29-Aug-2026 15:51:21 Europe/Moscow] PHP Notice:  session_start(): Ignoring session_start() because a session is already active (started from /home/m/m1shrecs/bank.m1shroom.ru/public_html/config.php on line 16) in /home/m/m1shrecs/bank.m1shroom.ru/public_html/admin_contracts_api.php on line 10
[29-Aug-2026 15:51:25 Europe/Moscow] PHP Notice:  session_start(): Ignoring session_start() because a session is already active (started from /home/m/m1shrecs/bank.m1shroom.ru/public_html/config.php on line 16) in /home/m/m1shrecs/bank.m1shroom.ru/public_html/admin_contracts_api.php on line 10
[29-Aug-2026 15:51:28 Europe/Moscow] PHP Notice:  session_start(): Ignoring session_start() because a session is already active (started from /home/m/m1shrecs/bank.m1shroom.ru/public_html/config.php on line 16) in /home/m/m1shrecs/bank.m1shroom.ru/public_html/admin_contracts_api.php on line 10
[29-Aug-2026 15:51:32 Europe/Moscow] PHP Notice:  session_start(): Ignoring session_start() because a session is already active (started from /home/m/m1shrecs/bank.m1shroom.ru/public_html/config.php on line 16) in /home/m/m1shrecs/bank.m1shroom.ru/public_html/admin_contracts_api.php on line 10
[29-Aug-2026 15:52:18 Europe/Moscow] PHP Notice:  session_start(): Ignoring session_start() because a session is already active (started from /home/m/m1shrecs/bank.m1shroom.ru/public_html/config.php on line 16) in /home/m/m1shrecs/bank.m1shroom.ru/public_html/admin_contracts_api.php on line 10
[29-Aug-2026 15:52:18 Europe/Moscow] PHP Notice:  session_start(): Ignoring session_start() because a session is already active (started from /home/m/m1shrecs/bank.m1shroom.ru/public_html/config.php on line 16) in /home/m/m1shrecs/bank.m1shroom.ru/public_html/admin_contracts_api.php on line 10
[29-Aug-2026 15:57:00 Europe/Moscow] PHP Notice:  session_start(): Ignoring session_start() because a session is already active (started from /home/m/m1shrecs/bank.m1shroom.ru/public_html/config.php on line 16) in /home/m/m1shrecs/bank.m1shroom.ru/public_html/admin_contracts_api.php on line 10
[29-Aug-2026 15:57:02 Europe/Moscow] PHP Notice:  session_start(): Ignoring session_start() because a session is already active (started from /home/m/m1shrecs/bank.m1shroom.ru/public_html/config.php on line 16) in /home/m/m1shrecs/bank.m1shroom.ru/public_html/admin_contracts_api.php on line 10
[29-Aug-2026 16:01:08 Europe/Moscow] PHP Fatal error:  Uncaught TypeError: json_decode(): Argument #1 ($json) must be of type string, null given in /home/m/m1shrecs/bank.m1shroom.ru/public_html/contract_api.php:93
Stack trace:
#0 /home/m/m1shrecs/bank.m1shroom.ru/public_html/contract_api.php(93): json_decode(NULL, true)
#1 /home/m/m1shrecs/bank.m1shroom.ru/public_html/contract_api.php(14): handleGetContractByCode(Object(PDO))
#2 {main}
  thrown in /home/m/m1shrecs/bank.m1shroom.ru/public_html/contract_api.php on line 93
[29-Aug-2026 16:02:19 Europe/Moscow] PHP Fatal error:  Uncaught TypeError: json_decode(): Argument #1 ($json) must be of type string, null given in /home/m/m1shrecs/bank.m1shroom.ru/public_html/contract_api.php:73
Stack trace:
#0 /home/m/m1shrecs/bank.m1shroom.ru/public_html/contract_api.php(73): json_decode(NULL, true)
#1 /home/m/m1shrecs/bank.m1shroom.ru/public_html/contract_api.php(14): handleGetContractByCode(Object(PDO))
#2 {main}
  thrown in /home/m/m1shrecs/bank.m1shroom.ru/public_html/contract_api.php on line 73
[29-Aug-2026 16:04:04 Europe/Moscow] PHP Fatal error:  Uncaught TypeError: json_decode(): Argument #1 ($json) must be of type string, null given in /home/m/m1shrecs/bank.m1shroom.ru/public_html/contract_api.php:73
Stack trace:
#0 /home/m/m1shrecs/bank.m1shroom.ru/public_html/contract_api.php(73): json_decode(NULL, true)
#1 /home/m/m1shrecs/bank.m1shroom.ru/public_html/contract_api.php(14): handleGetContractByCode(Object(PDO))
#2 {main}
  thrown in /home/m/m1shrecs/bank.m1shroom.ru/public_html/contract_api.php on line 73
[29-Aug-2026 16:04:20 Europe/Moscow] PHP Fatal error:  Uncaught TypeError: json_decode(): Argument #1 ($json) must be of type string, null given in /home/m/m1shrecs/bank.m1shroom.ru/public_html/contract_api.php:73
Stack trace:
#0 /home/m/m1shrecs/bank.m1shroom.ru/public_html/contract_api.php(73): json_decode(NULL, true)
#1 /home/m/m1shrecs/bank.m1shroom.ru/public_html/contract_api.php(14): handleGetContractByCode(Object(PDO))
#2 {main}
  thrown in /home/m/m1shrecs/bank.m1shroom.ru/public_html/contract_api.php on line 73
[29-Aug-2026 16:05:14 Europe/Moscow] PHP Fatal error:  Uncaught TypeError: json_decode(): Argument #1 ($json) must be of type string, null given in /home/m/m1shrecs/bank.m1shroom.ru/public_html/contract_api.php:73
Stack trace:
#0 /home/m/m1shrecs/bank.m1shroom.ru/public_html/contract_api.php(73): json_decode(NULL, true)
#1 /home/m/m1shrecs/bank.m1shroom.ru/public_html/contract_api.php(14): handleGetContractByCode(Object(PDO))
#2 {main}
  thrown in /home/m/m1shrecs/bank.m1shroom.ru/public_html/contract_api.php on line 73
[29-Aug-2026 16:05:21 Europe/Moscow] PHP Fatal error:  Uncaught TypeError: json_decode(): Argument #1 ($json) must be of type string, null given in /home/m/m1shrecs/bank.m1shroom.ru/public_html/contract_api.php:93
Stack trace:
#0 /home/m/m1shrecs/bank.m1shroom.ru/public_html/contract_api.php(93): json_decode(NULL, true)
#1 /home/m/m1shrecs/bank.m1shroom.ru/public_html/contract_api.php(14): handleGetContractByCode(Object(PDO))
#2 {main}
  thrown in /home/m/m1shrecs/bank.m1shroom.ru/public_html/contract_api.php on line 93
[29-Aug-2026 16:05:27 Europe/Moscow] PHP Notice:  session_start(): Ignoring session_start() because a session is already active (started from /home/m/m1shrecs/bank.m1shroom.ru/public_html/config.php on line 16) in /home/m/m1shrecs/bank.m1shroom.ru/public_html/admin_contracts_api.php on line 10
[29-Aug-2026 16:05:28 Europe/Moscow] PHP Notice:  session_start(): Ignoring session_start() because a session is already active (started from /home/m/m1shrecs/bank.m1shroom.ru/public_html/config.php on line 16) in /home/m/m1shrecs/bank.m1shroom.ru/public_html/admin_contracts_api.php on line 10
[29-Aug-2026 16:05:28 Europe/Moscow] PHP Notice:  session_start(): Ignoring session_start() because a session is already active (started from /home/m/m1shrecs/bank.m1shroom.ru/public_html/config.php on line 16) in /home/m/m1shrecs/bank.m1shroom.ru/public_html/admin_contracts_api.php on line 10
[29-Aug-2026 16:05:28 Europe/Moscow] PHP Notice:  session_start(): Ignoring session_start() because a session is already active (started from /home/m/m1shrecs/bank.m1shroom.ru/public_html/config.php on line 16) in /home/m/m1shrecs/bank.m1shroom.ru/public_html/admin_contracts_api.php on line 10
[29-Aug-2026 16:05:30 Europe/Moscow] PHP Notice:  session_start(): Ignoring session_start() because a session is already active (started from /home/m/m1shrecs/bank.m1shroom.ru/public_html/config.php on line 16) in /home/m/m1shrecs/bank.m1shroom.ru/public_html/admin_contracts_api.php on line 10
[29-Aug-2026 16:05:31 Europe/Moscow] PHP Notice:  session_start(): Ignoring session_start() because a session is already active (started from /home/m/m1shrecs/bank.m1shroom.ru/public_html/config.php on line 16) in /home/m/m1shrecs/bank.m1shroom.ru/public_html/admin_contracts_api.php on line 10
[29-Aug-2026 16:05:33 Europe/Moscow] PHP Notice:  session_start(): Ignoring session_start() because a session is already active (started from /home/m/m1shrecs/bank.m1shroom.ru/public_html/config.php on line 16) in /home/m/m1shrecs/bank.m1shroom.ru/public_html/admin_contracts_api.php on line 10
[29-Aug-2026 16:05:33 Europe/Moscow] PHP Notice:  session_start(): Ignoring session_start() because a session is already active (started from /home/m/m1shrecs/bank.m1shroom.ru/public_html/config.php on line 16) in /home/m/m1shrecs/bank.m1shroom.ru/public_html/admin_contracts_api.php on line 10
[29-Aug-2026 16:05:35 Europe/Moscow] PHP Notice:  session_start(): Ignoring session_start() because a session is already active (started from /home/m/m1shrecs/bank.m1shroom.ru/public_html/config.php on line 16) in /home/m/m1shrecs/bank.m1shroom.ru/public_html/admin_contracts_api.php on line 10
[29-Aug-2026 16:05:36 Europe/Moscow] PHP Notice:  session_start(): Ignoring session_start() because a session is already active (started from /home/m/m1shrecs/bank.m1shroom.ru/public_html/config.php on line 16) in /home/m/m1shrecs/bank.m1shroom.ru/public_html/admin_contracts_api.php on line 10
[29-Aug-2026 16:08:50 Europe/Moscow] PHP Notice:  session_start(): Ignoring session_start() because a session is already active (started from /home/m/m1shrecs/bank.m1shroom.ru/public_html/config.php on line 16) in /home/m/m1shrecs/bank.m1shroom.ru/public_html/admin_contracts_api.php on line 10
[29-Aug-2026 16:09:04 Europe/Moscow] PHP Notice:  session_start(): Ignoring session_start() because a session is already active (started from /home/m/m1shrecs/bank.m1shroom.ru/public_html/config.php on line 16) in /home/m/m1shrecs/bank.m1shroom.ru/public_html/admin_contracts_api.php on line 10
[29-Aug-2026 16:09:54 Europe/Moscow] PHP Notice:  session_start(): Ignoring session_start() because a session is already active (started from /home/m/m1shrecs/bank.m1shroom.ru/public_html/config.php on line 16) in /home/m/m1shrecs/bank.m1shroom.ru/public_html/admin_contracts_api.php on line 10
[29-Aug-2026 16:09:54 Europe/Moscow] PHP Notice:  session_start(): Ignoring session_start() because a session is already active (started from /home/m/m1shrecs/bank.m1shroom.ru/public_html/config.php on line 16) in /home/m/m1shrecs/bank.m1shroom.ru/public_html/admin_contracts_api.php on line 10
[29-Aug-2026 16:11:26 Europe/Moscow] PHP Notice:  session_start(): Ignoring session_start() because a session is already active (started from /home/m/m1shrecs/bank.m1shroom.ru/public_html/config.php on line 16) in /home/m/m1shrecs/bank.m1shroom.ru/public_html/admin_contracts_api.php on line 10
[29-Aug-2026 16:11:28 Europe/Moscow] PHP Notice:  session_start(): Ignoring session_start() because a session is already active (started from /home/m/m1shrecs/bank.m1shroom.ru/public_html/config.php on line 16) in /home/m/m1shrecs/bank.m1shroom.ru/public_html/admin_contracts_api.php on line 10
[29-Aug-2026 16:19:35 Europe/Moscow] PHP Notice:  session_start(): Ignoring session_start() because a session is already active (started from /home/m/m1shrecs/bank.m1shroom.ru/public_html/config.php on line 16) in /home/m/m1shrecs/bank.m1shroom.ru/public_html/admin_contracts_api.php on line 10
[29-Aug-2026 16:19:38 Europe/Moscow] PHP Notice:  session_start(): Ignoring session_start() because a session is already active (started from /home/m/m1shrecs/bank.m1shroom.ru/public_html/config.php on line 16) in /home/m/m1shrecs/bank.m1shroom.ru/public_html/admin_contracts_api.php on line 10
[29-Aug-2026 16:20:32 Europe/Moscow] PHP Notice:  session_start(): Ignoring session_start() because a session is already active (started from /home/m/m1shrecs/bank.m1shroom.ru/public_html/config.php on line 16) in /home/m/m1shrecs/bank.m1shroom.ru/public_html/admin_contracts_api.php on line 10
[29-Aug-2026 16:20:32 Europe/Moscow] PHP Notice:  session_start(): Ignoring session_start() because a session is already active (started from /home/m/m1shrecs/bank.m1shroom.ru/public_html/config.php on line 16) in /home/m/m1shrecs/bank.m1shroom.ru/public_html/admin_contracts_api.php on line 10
[29-Aug-2026 16:21:31 Europe/Moscow] PHP Notice:  session_start(): Ignoring session_start() because a session is already active (started from /home/m/m1shrecs/bank.m1shroom.ru/public_html/config.php on line 16) in /home/m/m1shrecs/bank.m1shroom.ru/public_html/admin_contracts_api.php on line 10
[29-Aug-2026 16:21:33 Europe/Moscow] PHP Notice:  session_start(): Ignoring session_start() because a session is already active (started from /home/m/m1shrecs/bank.m1shroom.ru/public_html/config.php on line 16) in /home/m/m1shrecs/bank.m1shroom.ru/public_html/admin_contracts_api.php on line 10
[29-Aug-2026 16:25:21 Europe/Moscow] PHP Notice:  session_start(): Ignoring session_start() because a session is already active (started from /home/m/m1shrecs/bank.m1shroom.ru/public_html/config.php on line 16) in /home/m/m1shrecs/bank.m1shroom.ru/public_html/admin_contracts_api.php on line 10
[29-Aug-2026 16:25:23 Europe/Moscow] PHP Fatal error:  Uncaught TypeError: json_decode(): Argument #1 ($json) must be of type string, null given in /home/m/m1shrecs/bank.m1shroom.ru/public_html/contract_api.php:93
Stack trace:
#0 /home/m/m1shrecs/bank.m1shroom.ru/public_html/contract_api.php(93): json_decode(NULL, true)
#1 /home/m/m1shrecs/bank.m1shroom.ru/public_html/contract_api.php(14): handleGetContractByCode(Object(PDO))
#2 {main}
  thrown in /home/m/m1shrecs/bank.m1shroom.ru/public_html/contract_api.php on line 93
[29-Aug-2026 16:25:25 Europe/Moscow] PHP Fatal error:  Uncaught TypeError: json_decode(): Argument #1 ($json) must be of type string, null given in /home/m/m1shrecs/bank.m1shroom.ru/public_html/contract_api.php:73
Stack trace:
#0 /home/m/m1shrecs/bank.m1shroom.ru/public_html/contract_api.php(73): json_decode(NULL, true)
#1 /home/m/m1shrecs/bank.m1shroom.ru/public_html/contract_api.php(14): handleGetContractByCode(Object(PDO))
#2 {main}
  thrown in /home/m/m1shrecs/bank.m1shroom.ru/public_html/contract_api.php on line 73
[29-Aug-2026 16:25:25 Europe/Moscow] PHP Fatal error:  Uncaught TypeError: json_decode(): Argument #1 ($json) must be of type string, null given in /home/m/m1shrecs/bank.m1shroom.ru/public_html/contract_api.php:73
Stack trace:
#0 /home/m/m1shrecs/bank.m1shroom.ru/public_html/contract_api.php(73): json_decode(NULL, true)
#1 /home/m/m1shrecs/bank.m1shroom.ru/public_html/contract_api.php(14): handleGetContractByCode(Object(PDO))
#2 {main}
  thrown in /home/m/m1shrecs/bank.m1shroom.ru/public_html/contract_api.php on line 73
[29-Aug-2026 16:25:25 Europe/Moscow] PHP Fatal error:  Uncaught TypeError: json_decode(): Argument #1 ($json) must be of type string, null given in /home/m/m1shrecs/bank.m1shroom.ru/public_html/contract_api.php:73
Stack trace:
#0 /home/m/m1shrecs/bank.m1shroom.ru/public_html/contract_api.php(73): json_decode(NULL, true)
#1 /home/m/m1shrecs/bank.m1shroom.ru/public_html/contract_api.php(14): handleGetContractByCode(Object(PDO))
#2 {main}
  thrown in /home/m/m1shrecs/bank.m1shroom.ru/public_html/contract_api.php on line 73
[29-Aug-2026 16:28:37 Europe/Moscow] PHP Notice:  session_start(): Ignoring session_start() because a session is already active (started from /home/m/m1shrecs/bank.m1shroom.ru/public_html/config.php on line 16) in /home/m/m1shrecs/bank.m1shroom.ru/public_html/admin_contracts_api.php on line 10
[29-Aug-2026 16:28:38 Europe/Moscow] PHP Notice:  session_start(): Ignoring session_start() because a session is already active (started from /home/m/m1shrecs/bank.m1shroom.ru/public_html/config.php on line 16) in /home/m/m1shrecs/bank.m1shroom.ru/public_html/admin_contracts_api.php on line 10
[29-Aug-2026 16:32:02 Europe/Moscow] PHP Fatal error:  Uncaught TypeError: json_decode(): Argument #1 ($json) must be of type string, null given in /home/m/m1shrecs/bank.m1shroom.ru/public_html/contract_api.php:73
Stack trace:
#0 /home/m/m1shrecs/bank.m1shroom.ru/public_html/contract_api.php(73): json_decode(NULL, true)
#1 /home/m/m1shrecs/bank.m1shroom.ru/public_html/contract_api.php(14): handleGetContractByCode(Object(PDO))
#2 {main}
  thrown in /home/m/m1shrecs/bank.m1shroom.ru/public_html/contract_api.php on line 73
[29-Aug-2026 16:32:06 Europe/Moscow] PHP Fatal error:  Uncaught TypeError: json_decode(): Argument #1 ($json) must be of type string, null given in /home/m/m1shrecs/bank.m1shroom.ru/public_html/contract_api.php:73
Stack trace:
#0 /home/m/m1shrecs/bank.m1shroom.ru/public_html/contract_api.php(73): json_decode(NULL, true)
#1 /home/m/m1shrecs/bank.m1shroom.ru/public_html/contract_api.php(14): handleGetContractByCode(Object(PDO))
#2 {main}
  thrown in /home/m/m1shrecs/bank.m1shroom.ru/public_html/contract_api.php on line 73
[29-Aug-2026 16:32:27 Europe/Moscow] PHP Notice:  session_start(): Ignoring session_start() because a session is already active (started from /home/m/m1shrecs/bank.m1shroom.ru/public_html/config.php on line 16) in /home/m/m1shrecs/bank.m1shroom.ru/public_html/admin_contracts_api.php on line 10
[29-Aug-2026 16:42:31 Europe/Moscow] PHP Notice:  session_start(): Ignoring session_start() because a session is already active (started from /home/m/m1shrecs/bank.m1shroom.ru/public_html/config.php on line 16) in /home/m/m1shrecs/bank.m1shroom.ru/public_html/admin_contracts_api.php on line 10
[29-Aug-2026 16:42:35 Europe/Moscow] PHP Notice:  session_start(): Ignoring session_start() because a session is already active (started from /home/m/m1shrecs/bank.m1shroom.ru/public_html/config.php on line 16) in /home/m/m1shrecs/bank.m1shroom.ru/public_html/admin_contracts_api.php on line 10
[29-Aug-2026 16:46:09 Europe/Moscow] PHP Notice:  session_start(): Ignoring session_start() because a session is already active (started from /home/m/m1shrecs/bank.m1shroom.ru/public_html/config.php on line 16) in /home/m/m1shrecs/bank.m1shroom.ru/public_html/admin_contracts_api.php on line 10
[29-Aug-2026 16:46:11 Europe/Moscow] PHP Notice:  session_start(): Ignoring session_start() because a session is already active (started from /home/m/m1shrecs/bank.m1shroom.ru/public_html/config.php on line 16) in /home/m/m1shrecs/bank.m1shroom.ru/public_html/admin_contracts_api.php on line 10
[29-Aug-2026 16:46:36 Europe/Moscow] PHP Notice:  session_start(): Ignoring session_start() because a session is already active (started from /home/m/m1shrecs/bank.m1shroom.ru/public_html/config.php on line 16) in /home/m/m1shrecs/bank.m1shroom.ru/public_html/admin_contracts_api.php on line 10
[29-Aug-2026 16:47:01 Europe/Moscow] PHP Notice:  session_start(): Ignoring session_start() because a session is already active (started from /home/m/m1shrecs/bank.m1shroom.ru/public_html/config.php on line 16) in /home/m/m1shrecs/bank.m1shroom.ru/public_html/admin_contracts_api.php on line 10
[29-Aug-2026 16:47:29 Europe/Moscow] PHP Notice:  session_start(): Ignoring session_start() because a session is already active (started from /home/m/m1shrecs/bank.m1shroom.ru/public_html/config.php on line 16) in /home/m/m1shrecs/bank.m1shroom.ru/public_html/admin_contracts_api.php on line 10
[29-Aug-2026 16:48:08 Europe/Moscow] PHP Notice:  session_start(): Ignoring session_start() because a session is already active (started from /home/m/m1shrecs/bank.m1shroom.ru/public_html/config.php on line 16) in /home/m/m1shrecs/bank.m1shroom.ru/public_html/admin_contracts_api.php on line 10
[29-Aug-2026 16:48:08 Europe/Moscow] PHP Notice:  session_start(): Ignoring session_start() because a session is already active (started from /home/m/m1shrecs/bank.m1shroom.ru/public_html/config.php on line 16) in /home/m/m1shrecs/bank.m1shroom.ru/public_html/admin_contracts_api.php on line 10
[29-Aug-2026 17:11:18 Europe/Moscow] PHP Notice:  session_start(): Ignoring session_start() because a session is already active (started from /home/m/m1shrecs/bank.m1shroom.ru/public_html/config.php on line 16) in /home/m/m1shrecs/bank.m1shroom.ru/public_html/admin_contracts_api.php on line 10
[29-Aug-2026 17:18:56 Europe/Moscow] PHP Notice:  session_start(): Ignoring session_start() because a session is already active (started from /home/m/m1shrecs/bank.m1shroom.ru/public_html/config.php on line 16) in /home/m/m1shrecs/bank.m1shroom.ru/public_html/admin_contracts_api.php on line 10
[29-Aug-2026 17:19:05 Europe/Moscow] PHP Notice:  session_start(): Ignoring session_start() because a session is already active (started from /home/m/m1shrecs/bank.m1shroom.ru/public_html/config.php on line 16) in /home/m/m1shrecs/bank.m1shroom.ru/public_html/admin_contracts_api.php on line 10
[29-Aug-2026 17:35:38 Europe/Moscow] PHP Notice:  session_start(): Ignoring session_start() because a session is already active (started from /home/m/m1shrecs/bank.m1shroom.ru/public_html/config.php on line 16) in /home/m/m1shrecs/bank.m1shroom.ru/public_html/admin_contracts_api.php on line 10
[29-Aug-2026 17:39:26 Europe/Moscow] PHP Notice:  session_start(): Ignoring session_start() because a session is already active (started from /home/m/m1shrecs/bank.m1shroom.ru/public_html/config.php on line 16) in /home/m/m1shrecs/bank.m1shroom.ru/public_html/admin_contracts_api.php on line 10
[29-Aug-2026 17:39:27 Europe/Moscow] PHP Notice:  session_start(): Ignoring session_start() because a session is already active (started from /home/m/m1shrecs/bank.m1shroom.ru/public_html/config.php on line 16) in /home/m/m1shrecs/bank.m1shroom.ru/public_html/admin_contracts_api.php on line 10
[29-Aug-2026 17:51:05 Europe/Moscow] PHP Notice:  session_start(): Ignoring session_start() because a session is already active (started from /home/m/m1shrecs/bank.m1shroom.ru/public_html/config.php on line 16) in /home/m/m1shrecs/bank.m1shroom.ru/public_html/contract_api.php on line 8
[29-Aug-2026 17:51:05 Europe/Moscow] PHP Notice:  session_start(): Ignoring session_start() because a session is already active (started from /home/m/m1shrecs/bank.m1shroom.ru/public_html/config.php on line 16) in /home/m/m1shrecs/bank.m1shroom.ru/public_html/contract_api.php on line 8
[29-Aug-2026 17:54:36 Europe/Moscow] PHP Notice:  session_start(): Ignoring session_start() because a session is already active (started from /home/m/m1shrecs/bank.m1shroom.ru/public_html/config.php on line 16) in /home/m/m1shrecs/bank.m1shroom.ru/public_html/admin_contracts_api.php on line 10
[29-Aug-2026 17:54:40 Europe/Moscow] PHP Notice:  session_start(): Ignoring session_start() because a session is already active (started from /home/m/m1shrecs/bank.m1shroom.ru/public_html/config.php on line 16) in /home/m/m1shrecs/bank.m1shroom.ru/public_html/admin_contracts_api.php on line 10
